// Jest Snapshot v1, https://goo.gl/fbAQLP

exports[`LogOverlay matches snapshot 1`] = `
"<div class="mgr-overlay__wrapper layout horizontal center-horizontal center-vertical log-overlay">
  <div class="mgr-overlay__content">
    <div>
      <ipl-dialog-title-stub title="Log Overlay" closingdisabled="false" color="secondary" class="m-b-8"></ipl-dialog-title-stub>
      <div data-v-d255ffee="" class="ipl-space color-secondary">
        <div class="m-b-8">Please wait...</div>
        <progress-display-stub logkey="log1"></progress-display-stub>
      </div>
      <div data-v-a1f8a641="" class="ipl-expanding-space color-secondary m-t-8 max-width">
        <div data-v-a1f8a641="" class="ipl-expanding-space__header">
          <div data-v-a1f8a641="" class="ipl-expanding-space__header-background" tabindex="0"></div>
          <div data-v-a1f8a641="" class="ipl-expanding-space__title">More details</div><svg data-v-a1f8a641="" class="svg-inline--fa fa-chevron-left icon" aria-hidden="true" focusable="false" data-prefix="fas" data-icon="chevron-left" role="img" xmlns="http://www.w3.org/2000/svg" viewBox="0 0 320 512">
            <path class="" fill="currentColor" d="M9.4 233.4c-12.5 12.5-12.5 32.8 0 45.3l192 192c12.5 12.5 32.8 12.5 45.3 0s12.5-32.8 0-45.3L77.3 256 246.6 86.6c12.5-12.5 12.5-32.8 0-45.3s-32.8-12.5-45.3 0l-192 192z"></path>
          </svg>
          <div data-v-a1f8a641="" class="header-extra"></div>
        </div>
        <div data-v-a1f8a641="" class="content" style="display: none;">
          <div class="log-display m-t-8"></div>
        </div>
      </div>
    </div>
  </div>
</div>"
`;
