// Jest Snapshot v1, https://goo.gl/fbAQLP

exports[`App matches snapshot 1`] = `<button data-test="install-directory-select-button">Select folder</button><br> Installation folder: "/install/path" <br><button data-test="install-button">Install</button>`;

exports[`App template matches snapshot 1`] = `<button>Select folder</button><br> Installation folder: "" <br><button disabled="">Install</button>`;
