// Jest Snapshot v1, https://goo.gl/fbAQLP

exports[`BundleSettings matches snapshot 1`] = `
<div class="bundle-settings__wrapper">
  <div class="bundle-settings__header">
    <div class="bold">Name</div>
    <div class="bold">Version</div>
    <div class="max-width"></div>
  </div>
  <div data-test="bundle_bundle-one" class="bundle-settings__item">
    <div class="bundle-settings__item-content">
      <div>bundle-one</div>
      <div>1.2.3</div>
      <div class="layout horizontal end-horizontal">
        <ipl-button-stub icon="cog" color="blue" disabled="false" async="false" progressmessage="Working..." successmessage="Done!" requiresconfirmation="false" shortconfirmationmessage="false" small="true" disableonsuccess="false" href="" data-test="configure-button"></ipl-button-stub>
        <ipl-button-stub icon="trash-alt" color="red" disabled="false" async="false" progressmessage="Working..." successmessage="Done!" requiresconfirmation="false" shortconfirmationmessage="false" small="true" disableonsuccess="false" href="" tooltip="Uninstall" class="uninstall-button m-l-4" data-test="uninstall-button"></ipl-button-stub>
      </div>
    </div>
    <!--v-if-->
  </div>
  <div data-test="bundle_bundle-two" class="bundle-settings__item">
    <div class="bundle-settings__item-content">
      <div>bundle-two</div>
      <div>5.0</div>
      <div class="layout horizontal end-horizontal">
        <ipl-button-stub icon="cog" color="blue" disabled="false" async="false" progressmessage="Working..." successmessage="Done!" requiresconfirmation="false" shortconfirmationmessage="false" small="true" disableonsuccess="false" href="" data-test="configure-button"></ipl-button-stub>
        <ipl-button-stub icon="trash-alt" color="red" disabled="false" async="false" progressmessage="Working..." successmessage="Done!" requiresconfirmation="false" shortconfirmationmessage="false" small="true" disableonsuccess="false" href="" tooltip="Uninstall" class="uninstall-button m-l-4" data-test="uninstall-button"></ipl-button-stub>
      </div>
    </div>
    <!--v-if-->
  </div>
  <div data-test="bundle_bundle-three" class="bundle-settings__item">
    <div class="bundle-settings__item-content">
      <div>bundle-three</div>
      <div>---</div>
      <div class="layout horizontal end-horizontal">
        <ipl-button-stub icon="cog" color="blue" disabled="false" async="false" progressmessage="Working..." successmessage="Done!" requiresconfirmation="false" shortconfirmationmessage="false" small="true" disableonsuccess="false" href="" data-test="configure-button"></ipl-button-stub>
        <ipl-button-stub icon="trash-alt" color="red" disabled="false" async="false" progressmessage="Working..." successmessage="Done!" requiresconfirmation="false" shortconfirmationmessage="false" small="true" disableonsuccess="false" href="" tooltip="Uninstall" class="uninstall-button m-l-4" data-test="uninstall-button"></ipl-button-stub>
      </div>
    </div>
    <!--v-if-->
  </div>
  <!--v-if-->
</div>
`;

exports[`BundleSettings matches snapshot when bundles are loading 1`] = `<div class="text-center m-b-8"> Loading... </div>`;

exports[`BundleSettings matches snapshot when no bundles are present 1`] = `<div class="text-center m-b-8"> No bundles installed. </div>`;
