// Jest Snapshot v1, https://goo.gl/fbAQLP

exports[`BundleInstaller matches snapshot 1`] = `
"<div data-v-d255ffee="" class="ipl-space color-primary">
  <ipl-input-stub name="bundleName" label="Bundle Repository Path" modelvalue="" type="text" centered="false" disabled="false" loading="false" theme="default" data-test="bundle-path-input"></ipl-input-stub>
  <ipl-button-stub label="Install" color="green" disabled="false" async="false" progressmessage="Working..." successmessage="Done!" requiresconfirmation="false" shortconfirmationmessage="false" small="false" disableonsuccess="false" inline="false" class="m-t-8" data-test="install-button"></ipl-button-stub>
  <log-overlay-stub title="Installing..." logkey="install-bundle" visible="false" data-test="bundle-log-overlay"></log-overlay-stub>
</div>"
`;
