// Jest Snapshot v1, https://goo.gl/fbAQLP

exports[`BundleInstaller matches snapshot 1`] = `
<div class="ipl-space color-light">
  <ipl-input-stub name="bundleName" label="Bundle Repository Path" modelvalue="" type="text" validator="[object Object]" centered="false" disabled="false" data-test="bundle-path-input"></ipl-input-stub>
  <ipl-button-stub label="Install" color="green" disabled="true" async="false" progressmessage="Working..." successmessage="Done!" requiresconfirmation="false" shortconfirmationmessage="false" small="false" disableonsuccess="false" nobackground="false" tooltip="" class="m-t-8" data-test="install-button"></ipl-button-stub>
  <log-overlay-stub title="Installing..." visible="false" data-test="bundle-log-overlay"></log-overlay-stub>
</div>
`;
