// Jest Snapshot v1, https://goo.gl/fbAQLP

exports[`ConfigWindow matches snapshot 1`] = `
"<div data-v-d255ffee="" class="ipl-space color-secondary m-b-8">
  <div class="bold m-b-6"> Dependency status </div>
  <dependency-checker-stub></dependency-checker-stub>
</div>
<div data-v-d255ffee="" class="ipl-space color-secondary">
  <ipl-small-toggle-stub label="" modelvalue="false" disabled="false"></ipl-small-toggle-stub>
</div>"
`;
