// Jest Snapshot v1, https://goo.gl/fbAQLP

exports[`ErrorList matches snapshot 1`] = `
"<div data-v-d255ffee="" class="ipl-space color-secondary error-list">
  <div class="m-y-8 m-x-8 text-center">
    <div class="m-b-8"> Errors that have occurred in this application will be listed here.<br> It is most useful to developers for diagnosing issues. </div>
    <ipl-button-stub label="Clear" color="blue" disabled="false" async="false" progressmessage="Working..." successmessage="Done!" requiresconfirmation="false" shortconfirmationmessage="false" small="false" disableonsuccess="false" inline="false"></ipl-button-stub>
  </div>
  <div class="ipl-expanding-space-group">
    <div data-v-a1f8a641="" class="ipl-expanding-space color-dark error-list-item m-t-8">
      <div data-v-a1f8a641="" class="ipl-expanding-space__header">
        <div data-v-a1f8a641="" class="ipl-expanding-space__header-background" tabindex="0"></div>
        <div data-v-a1f8a641="" class="ipl-expanding-space__title">Error: Error!</div>
        <font-awesome-icon-stub data-v-a1f8a641="" icon="[object Object]" border="false" fixedwidth="false" flip="false" listitem="false" pulse="false" swapopacity="false" spin="false" symbol="false" inverse="false" bounce="false" shake="false" beat="false" fade="false" beatfade="false" flash="false" spinpulse="false" spinreverse="false" class="icon"></font-awesome-icon-stub>
        <div data-v-a1f8a641="" class="header-extra"></div>
      </div>
      <div data-v-a1f8a641="" class="content" style="display: none;">
        <ipl-data-row-stub label="Info" copiable="false" value="error information"></ipl-data-row-stub>
        <ipl-data-row-stub label="Source component" copiable="false" value="ComponentName"></ipl-data-row-stub>
        <ipl-data-row-stub label="Full error" copiable="false" value="Error: Error!"></ipl-data-row-stub>
      </div>
    </div>
    <div data-v-a1f8a641="" class="ipl-expanding-space color-dark error-list-item m-t-8">
      <div data-v-a1f8a641="" class="ipl-expanding-space__header">
        <div data-v-a1f8a641="" class="ipl-expanding-space__header-background" tabindex="0"></div>
        <div data-v-a1f8a641="" class="ipl-expanding-space__title">Error: Error 2!</div>
        <font-awesome-icon-stub data-v-a1f8a641="" icon="[object Object]" border="false" fixedwidth="false" flip="false" listitem="false" pulse="false" swapopacity="false" spin="false" symbol="false" inverse="false" bounce="false" shake="false" beat="false" fade="false" beatfade="false" flash="false" spinpulse="false" spinreverse="false" class="icon"></font-awesome-icon-stub>
        <div data-v-a1f8a641="" class="header-extra"></div>
      </div>
      <div data-v-a1f8a641="" class="content" style="display: none;">
        <ipl-data-row-stub label="Info" copiable="false" value="info"></ipl-data-row-stub>
        <!--v-if-->
        <ipl-data-row-stub label="Full error" copiable="false" value="Error: Error 2!"></ipl-data-row-stub>
      </div>
    </div>
  </div>
</div>"
`;
