// Jest Snapshot v1, https://goo.gl/fbAQLP

exports[`LogOverlay matches snapshot 1`] = `
<transition-stub class="log-overlay">
  <div class="ipl-overlay__wrapper layout horizontal center-horizontal center-vertical">
    <div class="ipl-overlay__content">
      <div class="layout vertical center-horizontal">
        <h2>Log Overlay</h2>
        <div class="log-display"><span class="type-unknown">LINE A</span><span class="type-error">LINE ERROR!!!</span></div><button class="m-t-8" disabled="">Close</button>
      </div>
    </div>
  </div>
</transition-stub>
`;
